// Jest Snapshot v1, https://goo.gl/fbAQLP

exports[`Pokemon Options should match with snapshot 1`] = `
<div class="options-container">
  <ul>
    <li>Bulbasaur</li>
    <li>Ivysaur</li>
    <li>Venusaur</li>
    <li>Charmander</li>
  </ul>
</div>
`;
